[2026-09-15 13:20:58.356] [WitchMagic] [INFO] --- WitchMagic session started ---
[2026-09-15 13:20:58.363] [WitchMagic] [INFO] Hello World! WitchMagic is running.
[2026-09-15 13:20:58.366] [WitchMagic] [INFO] Production build | x64 | Console and file logging enabled.
[2026-09-15 13:20:58.369] [WitchMagic] [INFO] This confirms DLL startup; title-screen detection is not implemented yet.
[2026-09-15 13:20:58.372] [WitchMagic] [INFO] Minimize this console to keep it out of the way. Closing it can close the game.
[2026-09-15 13:47:59.734] [WitchMagic] [INFO] --- WitchMagic session started ---
[2026-09-15 13:47:59.741] [WitchMagic] [INFO] Hello World! WitchMagic is running.
[2026-09-15 13:47:59.744] [WitchMagic] [INFO] Production build | x64 | Console and file logging enabled.
[2026-09-15 13:47:59.747] [WitchMagic] [INFO] This confirms DLL startup; title-screen detection is not implemented yet.
[2026-09-15 13:47:59.748] [WitchMagic] [INFO] Minimize this console to keep it out of the way. Closing it can close the game.
[2026-09-15 14:02:07.980] [WitchMagic] [INFO] --- WitchMagic session started ---
[2026-09-15 14:02:07.986] [WitchMagic] [INFO] Hello World! WitchMagic is running.
[2026-09-15 14:02:07.988] [WitchMagic] [INFO] Production build | x64 | Console and file logging enabled.
[2026-09-15 14:02:07.990] [WitchMagic] [INFO] This confirms DLL startup; title-screen detection is not implemented yet.
[2026-09-15 14:02:07.991] [WitchMagic] [INFO] Minimize this console to keep it out of the way. Closing it can close the game.
[2026-09-15 14:48:41.220] [WitchMagic] [INFO] --- WitchMagic session started ---
[2026-09-15 14:48:41.225] [WitchMagic] [INFO] Hello World! WitchMagic is running.
[2026-09-15 14:48:41.227] [WitchMagic] [INFO] Production build | x64 | Console and file logging enabled.
[2026-09-15 14:48:41.228] [WitchMagic] [INFO] This confirms DLL startup; title-screen detection is not implemented yet.
[2026-09-15 14:48:41.230] [WitchMagic] [INFO] Minimize this console to keep it out of the way. Closing it can close the game.
[2026-09-15 14:48:41.231] [WitchMagic] [INFO] Weapon monitor ready (read-only, 100 ms polling). Waiting for character equipment.
[2026-09-15 14:48:52.979] [WitchMagic] [INFO] Initial weapon state | Left slot 1: weapon ID -1 | Right slot 1: weapon ID -1 | one-handed
[2026-09-15 14:48:59.807] [WitchMagic] [INFO] Weapon/stance changed | Left slot 1: weapon ID 31330000 | Right slot 1: weapon ID 2000000 | one-handed
[2026-09-15 14:49:08.438] [WitchMagic] [INFO] Weapon/stance changed | Left slot 2: weapon ID 1010008 | Right slot 2: weapon ID 1030516 | two-handed LEFT
[2026-09-15 14:49:08.444] [WitchMagic] [INFO] Two-handed weapon ID: 1010008 (deflect effect is not enabled)
[2026-09-15 14:49:20.381] [WitchMagic] [INFO] Weapon/stance changed | Left slot 3: weapon ID 31030000 | Right slot 2: weapon ID 1030516 | one-handed
[2026-09-15 14:49:22.593] [WitchMagic] [INFO] Weapon/stance changed | Left slot 3: weapon ID 31030000 | Right slot 3: weapon ID 34010016 | one-handed
[2026-09-15 14:49:23.602] [WitchMagic] [INFO] Weapon/stance changed | Left slot 2: weapon ID 1010008 | Right slot 3: weapon ID 34010016 | one-handed
[2026-09-15 14:49:26.821] [WitchMagic] [INFO] Weapon/stance changed | Left slot 2: weapon ID 1010008 | Right slot 1: weapon ID 43050000 | one-handed
[2026-09-15 14:49:53.014] [WitchMagic] [INFO] Weapon/stance changed | Left slot 2: weapon ID 1010008 | Right slot 1: weapon ID 9010204 | one-handed
[2026-09-15 14:50:03.757] [WitchMagic] [INFO] Weapon/stance changed | Left slot 2: weapon ID 1010008 | Right slot 1: weapon ID 9010204 | two-handed LEFT
[2026-09-15 14:50:03.763] [WitchMagic] [INFO] Two-handed weapon ID: 1010008 (deflect effect is not enabled)
[2026-09-15 14:50:14.301] [WitchMagic] [INFO] Weapon/stance changed | Left slot 2: weapon ID 1010008 | Right slot 1: weapon ID 9010204 | one-handed
[2026-09-15 14:50:15.712] [WitchMagic] [INFO] Weapon/stance changed | Left slot 2: weapon ID 1010008 | Right slot 1: weapon ID 9010204 | two-handed RIGHT
[2026-09-15 14:50:15.715] [WitchMagic] [INFO] Two-handed weapon ID: 9010204 (deflect effect is not enabled)
[2026-09-15 14:51:01.665] [WitchMagic] [INFO] Weapon data unavailable; waiting for the local player.
[2026-09-15 14:56:46.035] [WitchMagic] [INFO] --- WitchMagic session started ---
[2026-09-15 14:56:46.037] [WitchMagic] [INFO] Hello World! WitchMagic is running.
[2026-09-15 14:56:46.038] [WitchMagic] [INFO] Production build | x64 | Console and file logging enabled.
[2026-09-15 14:56:46.039] [WitchMagic] [INFO] This confirms DLL startup; title-screen detection is not implemented yet.
[2026-09-15 14:56:46.041] [WitchMagic] [INFO] Minimize this console to keep it out of the way. Closing it can close the game.
[2026-09-15 14:56:46.044] [WitchMagic] [INFO] Weapon monitor ready (read-only, 100 ms polling). Waiting for character equipment.
[2026-09-15 14:56:57.287] [WitchMagic] [INFO] Initial weapon state | Left slot 1: weapon ID -1 | Right slot 1: weapon ID -1 | one-handed
[2026-09-15 14:57:04.007] [WitchMagic] [INFO] Weapon/stance changed | Left slot 1: weapon ID 31330000 | Right slot 1: weapon ID 2000000 | one-handed
[2026-09-15 14:57:10.628] [WitchMagic] [INFO] Weapon/stance changed | Left slot 2: weapon ID 1010008 | Right slot 1: weapon ID 9010204 | two-handed RIGHT
[2026-09-15 14:57:10.633] [WitchMagic] [INFO] Two-handed weapon ID: 9010204 (deflect effect is not enabled)
[2026-09-15 14:57:39.816] [WitchMagic] [INFO] Weapon/stance changed | Left slot 2: weapon ID 1010008 | Right slot 1: weapon ID 9010204 | one-handed
[2026-09-15 14:57:42.226] [WitchMagic] [INFO] Weapon/stance changed | Left slot 2: weapon ID 1010008 | Right slot 1: weapon ID 9010204 | two-handed RIGHT
[2026-09-15 14:57:42.231] [WitchMagic] [INFO] Two-handed weapon ID: 9010204 (deflect effect is not enabled)
[2026-09-15 14:57:45.041] [WitchMagic] [INFO] Weapon/stance changed | Left slot 2: weapon ID 1010008 | Right slot 1: weapon ID 9010204 | one-handed
[2026-09-15 14:57:46.347] [WitchMagic] [INFO] Weapon/stance changed | Left slot 2: weapon ID 1010008 | Right slot 1: weapon ID 9010204 | two-handed LEFT
[2026-09-15 14:57:46.353] [WitchMagic] [INFO] Two-handed weapon ID: 1010008 (deflect effect is not enabled)
[2026-09-15 14:57:48.660] [WitchMagic] [INFO] Weapon/stance changed | Left slot 2: weapon ID 1010008 | Right slot 1: weapon ID 9010204 | one-handed
[2026-09-15 14:57:55.084] [WitchMagic] [INFO] Weapon/stance changed | Left slot 2: weapon ID 1010008 | Right slot 1: weapon ID 9010204 | two-handed RIGHT
[2026-09-15 14:57:55.090] [WitchMagic] [INFO] Two-handed weapon ID: 9010204 (deflect effect is not enabled)
[2026-09-15 14:57:58.402] [WitchMagic] [INFO] Weapon/stance changed | Left slot 2: weapon ID 1010008 | Right slot 1: weapon ID 9010204 | one-handed
[2026-09-15 14:58:23.781] [WitchMagic] [INFO] Weapon/stance changed | Left slot 2: weapon ID 110000 | Right slot 1: weapon ID 9010204 | one-handed
[2026-09-15 14:58:35.117] [WitchMagic] [INFO] Weapon/stance changed | Left slot 2: weapon ID 110000 | Right slot 3: weapon ID 34010016 | one-handed
[2026-09-15 14:58:45.752] [WitchMagic] [INFO] Weapon/stance changed | Left slot 3: weapon ID 31030000 | Right slot 3: weapon ID 34010016 | one-handed
[2026-09-15 14:58:46.560] [WitchMagic] [INFO] Weapon/stance changed | Left slot 2: weapon ID 110000 | Right slot 3: weapon ID 34010016 | one-handed
[2026-09-15 14:58:48.072] [WitchMagic] [INFO] Weapon/stance changed | Left slot 2: weapon ID 110000 | Right slot 1: weapon ID 9010204 | one-handed
[2026-09-15 14:58:53.093] [WitchMagic] [INFO] Weapon/stance changed | Left slot 2: weapon ID 110000 | Right slot 1: weapon ID 9010204 | two-handed LEFT
[2026-09-15 14:58:53.095] [WitchMagic] [INFO] Two-handed weapon ID: 110000 (deflect effect is not enabled)
[2026-09-15 14:58:54.201] [WitchMagic] [INFO] Weapon/stance changed | Left slot 2: weapon ID 110000 | Right slot 1: weapon ID 9010204 | one-handed
[2026-09-15 14:58:55.206] [WitchMagic] [INFO] Weapon/stance changed | Left slot 2: weapon ID 110000 | Right slot 1: weapon ID 9010204 | two-handed RIGHT
[2026-09-15 14:58:55.211] [WitchMagic] [INFO] Two-handed weapon ID: 9010204 (deflect effect is not enabled)
[2026-09-15 14:59:19.186] [WitchMagic] [INFO] Weapon/stance changed | Left slot 2: weapon ID 110000 | Right slot 1: weapon ID 9010204 | one-handed
[2026-09-15 14:59:23.906] [WitchMagic] [INFO] Weapon/stance changed | Left slot 2: weapon ID 110000 | Right slot 1: weapon ID 9010204 | two-handed LEFT
[2026-09-15 14:59:23.913] [WitchMagic] [INFO] Two-handed weapon ID: 110000 (deflect effect is not enabled)
[2026-09-15 14:59:24.817] [WitchMagic] [INFO] Weapon/stance changed | Left slot 2: weapon ID 110000 | Right slot 1: weapon ID 9010204 | one-handed
[2026-09-15 14:59:25.421] [WitchMagic] [INFO] Weapon/stance changed | Left slot 2: weapon ID 110000 | Right slot 1: weapon ID 9010204 | two-handed RIGHT
[2026-09-15 14:59:25.423] [WitchMagic] [INFO] Two-handed weapon ID: 9010204 (deflect effect is not enabled)
[2026-09-15 14:59:58.721] [WitchMagic] [INFO] Weapon data unavailable; waiting for the local player.
[2026-09-15 15:04:07.447] [WitchMagic] [INFO] --- WitchMagic session started ---
[2026-09-15 15:04:07.452] [WitchMagic] [INFO] Hello World! WitchMagic is running.
[2026-09-15 15:04:07.454] [WitchMagic] [INFO] Production build | x64 | Console and file logging enabled.
[2026-09-15 15:04:07.456] [WitchMagic] [INFO] This confirms DLL startup; title-screen detection is not implemented yet.
[2026-09-15 15:04:07.461] [WitchMagic] [INFO] Minimize this console to keep it out of the way. Closing it can close the game.
[2026-09-15 15:04:07.464] [WitchMagic] [INFO] Weapon monitor ready (read-only, 100 ms polling). Waiting for character equipment.
[2026-09-15 15:04:18.620] [WitchMagic] [INFO] Initial weapon state | Left slot 1: weapon ID -1 | Right slot 1: weapon ID -1 | one-handed
[2026-09-15 15:04:24.942] [WitchMagic] [INFO] Weapon/stance changed | Left slot 1: weapon ID 31330000 | Right slot 1: weapon ID 2000000 | one-handed
[2026-09-15 15:04:32.669] [WitchMagic] [INFO] Weapon/stance changed | Left slot 2: weapon ID 110000 | Right slot 1: weapon ID 9010204 | two-handed RIGHT
[2026-09-15 15:04:32.674] [WitchMagic] [INFO] Two-handed weapon ID: 9010204 (deflect effect is not enabled)
[2026-09-15 15:04:48.023] [WitchMagic] [INFO] Weapon/stance changed | Left slot 1: weapon ID 31330000 | Right slot 1: weapon ID 2000000 | one-handed
[2026-09-15 15:04:57.049] [WitchMagic] [INFO] Weapon/stance changed | Left slot 2: weapon ID 60500724 | Right slot 1: weapon ID 3140010 | two-handed LEFT
[2026-09-15 15:04:57.050] [WitchMagic] [INFO] Two-handed weapon ID: 60500724 (deflect effect is not enabled)
[2026-09-15 15:07:15.637] [WitchMagic] [INFO] Weapon/stance changed | Left slot 2: weapon ID 9040000 | Right slot 1: weapon ID 3140010 | one-handed
[2026-09-15 15:09:59.614] [WitchMagic] [INFO] Weapon/stance changed | Left slot 1: weapon ID 31330000 | Right slot 1: weapon ID 2000000 | one-handed
[2026-09-15 15:10:06.842] [WitchMagic] [INFO] Weapon data unavailable; waiting for the local player.
[2026-09-15 15:17:21.247] [WitchMagic] [INFO] --- WitchMagic session started ---
[2026-09-15 15:17:21.254] [WitchMagic] [INFO] Hello World! WitchMagic is running.
[2026-09-15 15:17:21.256] [WitchMagic] [INFO] Production build | x64 | Console and file logging enabled.
[2026-09-15 15:17:21.258] [WitchMagic] [INFO] This confirms DLL startup; title-screen detection is not implemented yet.
[2026-09-15 15:17:21.259] [WitchMagic] [INFO] Minimize this console to keep it out of the way. Closing it can close the game.
[2026-09-15 15:17:21.262] [WitchMagic] [INFO] Weapon monitor ready (read-only, 100 ms polling). Waiting for character equipment.
[2026-09-15 15:17:33.314] [WitchMagic] [INFO] Initial weapon state | Left slot 1: weapon ID -1 | Right slot 1: weapon ID -1 | one-handed
[2026-09-15 15:17:39.940] [WitchMagic] [INFO] Weapon/stance changed | Left slot 1: weapon ID 31330000 | Right slot 1: weapon ID 2000000 | one-handed
[2026-09-15 15:18:55.765] [WitchMagic] [INFO] Weapon/stance changed | Left slot 2: weapon ID 9040000 | Right slot 1: weapon ID 3140010 | one-handed
[2026-09-15 15:25:13.899] [WitchMagic] [INFO] Weapon data unavailable; waiting for the local player.
[2026-09-15 17:04:05.446] [WitchMagic] [INFO] --- WitchMagic session started ---
[2026-09-15 17:04:05.451] [WitchMagic] [INFO] Hello World! WitchMagic is running.
[2026-09-15 17:04:05.452] [WitchMagic] [INFO] Production build | x64 | Console and file logging enabled.
[2026-09-15 17:04:05.454] [WitchMagic] [INFO] This confirms DLL startup; title-screen detection is not implemented yet.
[2026-09-15 17:04:05.455] [WitchMagic] [INFO] Minimize this console to keep it out of the way. Closing it can close the game.
[2026-09-15 17:04:05.456] [WitchMagic] [INFO] Weapon monitor ready (read-only, 100 ms polling). Waiting for character equipment.
[2026-09-15 17:04:17.710] [WitchMagic] [INFO] Initial weapon state | Left slot 1: weapon ID -1 | Right slot 1: weapon ID -1 | one-handed
[2026-09-15 17:04:24.533] [WitchMagic] [INFO] Weapon/stance changed | Left slot 1: weapon ID 31330000 | Right slot 1: weapon ID 2000000 | one-handed
[2026-09-15 17:06:03.641] [WitchMagic] [INFO] --- WitchMagic session started ---
[2026-09-15 17:06:03.647] [WitchMagic] [INFO] Hello World! WitchMagic is running.
[2026-09-15 17:06:03.649] [WitchMagic] [INFO] Production build | x64 | Console and file logging enabled.
[2026-09-15 17:06:03.651] [WitchMagic] [INFO] This confirms DLL startup; title-screen detection is not implemented yet.
[2026-09-15 17:06:03.652] [WitchMagic] [INFO] Minimize this console to keep it out of the way. Closing it can close the game.
[2026-09-15 17:06:03.653] [WitchMagic] [INFO] Weapon monitor ready (read-only, 100 ms polling). Waiting for character equipment.
[2026-09-15 17:06:14.602] [WitchMagic] [INFO] Initial weapon state | Left slot 1: weapon ID -1 | Right slot 1: weapon ID -1 | one-handed
[2026-09-15 17:06:21.725] [WitchMagic] [INFO] Weapon/stance changed | Left slot 1: weapon ID 31330000 | Right slot 1: weapon ID 2000000 | one-handed
[2026-09-15 17:08:12.416] [WitchMagic] [INFO] --- WitchMagic session started ---
[2026-09-15 17:08:12.421] [WitchMagic] [INFO] Hello World! WitchMagic is running.
[2026-09-15 17:08:12.423] [WitchMagic] [INFO] Production build | x64 | Console and file logging enabled.
[2026-09-15 17:08:12.424] [WitchMagic] [INFO] This confirms DLL startup; title-screen detection is not implemented yet.
[2026-09-15 17:08:12.428] [WitchMagic] [INFO] Minimize this console to keep it out of the way. Closing it can close the game.
[2026-09-15 17:08:12.430] [WitchMagic] [INFO] Weapon monitor ready (read-only, 100 ms polling). Waiting for character equipment.
[2026-09-15 17:08:23.370] [WitchMagic] [INFO] Initial weapon state | Left slot 1: weapon ID -1 | Right slot 1: weapon ID -1 | one-handed
[2026-09-15 17:08:30.595] [WitchMagic] [INFO] Weapon/stance changed | Left slot 1: weapon ID 31330000 | Right slot 1: weapon ID 2000000 | one-handed
[2026-09-15 17:09:03.893] [WitchMagic] [INFO] Weapon/stance changed | Left slot 2: weapon ID 110000 | Right slot 1: weapon ID 9010204 | two-handed RIGHT
[2026-09-15 17:09:03.898] [WitchMagic] [INFO] Two-handed weapon ID: 9010204 (deflect effect is not enabled)
[2026-09-15 17:15:49.080] [WitchMagic] [INFO] Weapon data unavailable; waiting for the local player.
[2026-09-15 17:16:37.954] [WitchMagic] [INFO] --- WitchMagic session started ---
[2026-09-15 17:16:37.959] [WitchMagic] [INFO] Hello World! WitchMagic is running.
[2026-09-15 17:16:37.960] [WitchMagic] [INFO] Production build | x64 | Console and file logging enabled.
[2026-09-15 17:16:37.961] [WitchMagic] [INFO] This confirms DLL startup; title-screen detection is not implemented yet.
[2026-09-15 17:16:37.963] [WitchMagic] [INFO] Minimize this console to keep it out of the way. Closing it can close the game.
[2026-09-15 17:16:37.964] [WitchMagic] [INFO] Weapon monitor ready (read-only, 100 ms polling). Waiting for character equipment.
[2026-09-15 17:16:49.418] [WitchMagic] [INFO] Initial weapon state | Left slot 1: weapon ID -1 | Right slot 1: weapon ID -1 | one-handed
[2026-09-15 17:16:55.742] [WitchMagic] [INFO] Weapon/stance changed | Left slot 1: weapon ID 31330000 | Right slot 1: weapon ID 2000000 | one-handed
[2026-09-15 17:17:11.890] [WitchMagic] [INFO] Weapon/stance changed | Left slot 2: weapon ID 110000 | Right slot 1: weapon ID 9010204 | two-handed RIGHT
[2026-09-15 17:17:11.895] [WitchMagic] [INFO] Two-handed weapon ID: 9010204 (deflect effect is not enabled)
[2026-09-15 17:23:04.215] [WitchMagic] [INFO] --- WitchMagic session started ---
[2026-09-15 17:23:04.220] [WitchMagic] [INFO] Hello World! WitchMagic is running.
[2026-09-15 17:23:04.222] [WitchMagic] [INFO] Production build | x64 | Console and file logging enabled.
[2026-09-15 17:23:04.223] [WitchMagic] [INFO] This confirms DLL startup; title-screen detection is not implemented yet.
[2026-09-15 17:23:04.224] [WitchMagic] [INFO] Minimize this console to keep it out of the way. Closing it can close the game.
[2026-09-15 17:23:04.224] [WitchMagic] [INFO] Weapon monitor ready (read-only, 100 ms polling). Waiting for character equipment.
[2026-09-15 17:23:16.680] [WitchMagic] [INFO] Initial weapon state | Left slot 1: weapon ID -1 | Right slot 1: weapon ID -1 | one-handed
[2026-09-15 17:23:23.506] [WitchMagic] [INFO] Weapon/stance changed | Left slot 1: weapon ID 31330000 | Right slot 1: weapon ID 2000000 | one-handed
[2026-09-15 17:23:41.864] [WitchMagic] [INFO] Weapon/stance changed | Left slot 2: weapon ID 110000 | Right slot 1: weapon ID 9010204 | two-handed RIGHT
[2026-09-15 17:23:41.868] [WitchMagic] [INFO] Two-handed weapon ID: 9010204 (deflect effect is not enabled)
[2026-09-15 17:25:22.958] [WitchMagic] [INFO] Weapon data unavailable; waiting for the local player.
[2026-09-15 17:34:22.367] [WitchMagic] [INFO] --- WitchMagic session started ---
[2026-09-15 17:34:22.368] [WitchMagic] [INFO] Hello World! WitchMagic is running.
[2026-09-15 17:34:22.370] [WitchMagic] [INFO] Production build | x64 | Console and file logging enabled.
[2026-09-15 17:34:22.371] [WitchMagic] [INFO] This confirms DLL startup; title-screen detection is not implemented yet.
[2026-09-15 17:34:22.372] [WitchMagic] [INFO] Minimize this console to keep it out of the way. Closing it can close the game.
[2026-09-15 17:34:22.374] [WitchMagic] [INFO] Weapon monitor ready (read-only, 100 ms polling). Waiting for character equipment.
[2026-09-15 17:34:33.317] [WitchMagic] [INFO] Initial weapon state | Left slot 1: weapon ID -1 | Right slot 1: weapon ID -1 | one-handed
[2026-09-15 17:34:40.040] [WitchMagic] [INFO] Weapon/stance changed | Left slot 1: weapon ID 31330000 | Right slot 1: weapon ID 2000000 | one-handed
[2026-09-15 17:35:05.009] [WitchMagic] [INFO] Weapon/stance changed | Left slot 2: weapon ID 9040000 | Right slot 1: weapon ID 3140010 | one-handed
[2026-09-15 17:37:15.117] [WitchMagic] [INFO] Weapon data unavailable; waiting for the local player.
[2026-09-15 17:59:17.374] [WitchMagic] [INFO] --- WitchMagic session started ---
[2026-09-15 17:59:17.379] [WitchMagic] [INFO] Hello World! WitchMagic is running.
[2026-09-15 17:59:17.380] [WitchMagic] [INFO] Production build | x64 | Console and file logging enabled.
[2026-09-15 17:59:17.381] [WitchMagic] [INFO] This confirms DLL startup; title-screen detection is not implemented yet.
[2026-09-15 17:59:17.383] [WitchMagic] [INFO] Minimize this console to keep it out of the way. Closing it can close the game.
[2026-09-15 17:59:17.387] [WitchMagic] [INFO] Weapon monitor ready (read-only, 100 ms polling). Waiting for character equipment.
[2026-09-15 17:59:29.231] [WitchMagic] [INFO] Initial weapon state | Left slot 1: weapon ID -1 | Right slot 1: weapon ID -1 | one-handed
[2026-09-15 17:59:35.953] [WitchMagic] [INFO] Weapon/stance changed | Left slot 1: weapon ID 31330000 | Right slot 1: weapon ID 2000000 | one-handed
[2026-09-15 18:22:01.494] [WitchMagic] [INFO] --- WitchMagic session started ---
[2026-09-15 18:22:01.499] [WitchMagic] [INFO] Hello World! WitchMagic is running.
[2026-09-15 18:22:01.501] [WitchMagic] [INFO] Production build | x64 | Console and file logging enabled.
[2026-09-15 18:22:01.502] [WitchMagic] [INFO] This confirms DLL startup; title-screen detection is not implemented yet.
[2026-09-15 18:22:01.507] [WitchMagic] [INFO] Minimize this console to keep it out of the way. Closing it can close the game.
[2026-09-15 18:22:01.509] [WitchMagic] [INFO] Weapon monitor ready (read-only, 100 ms polling). Waiting for character equipment.
[2026-09-15 18:22:12.755] [WitchMagic] [INFO] Initial weapon state | Left slot 1: weapon ID -1 | Right slot 1: weapon ID -1 | one-handed
[2026-09-15 18:22:19.477] [WitchMagic] [INFO] Weapon/stance changed | Left slot 1: weapon ID 31330000 | Right slot 1: weapon ID 2000000 | one-handed
[2026-09-15 18:23:40.831] [WitchMagic] [INFO] --- WitchMagic session started ---
[2026-09-15 18:23:40.837] [WitchMagic] [INFO] Hello World! WitchMagic is running.
[2026-09-15 18:23:40.839] [WitchMagic] [INFO] Production build | x64 | Console and file logging enabled.
[2026-09-15 18:23:40.840] [WitchMagic] [INFO] This confirms DLL startup; title-screen detection is not implemented yet.
[2026-09-15 18:23:40.841] [WitchMagic] [INFO] Minimize this console to keep it out of the way. Closing it can close the game.
[2026-09-15 18:23:40.843] [WitchMagic] [INFO] Weapon monitor ready (read-only, 100 ms polling). Waiting for character equipment.
[2026-09-15 18:23:51.789] [WitchMagic] [INFO] Initial weapon state | Left slot 1: weapon ID -1 | Right slot 1: weapon ID -1 | one-handed
[2026-09-15 18:23:59.219] [WitchMagic] [INFO] Weapon/stance changed | Left slot 1: weapon ID 31330000 | Right slot 1: weapon ID 2000000 | one-handed
[2026-09-15 18:24:19.982] [WitchMagic] [INFO] Weapon data unavailable; waiting for the local player.
[2026-09-15 18:31:40.880] [WitchMagic] [INFO] --- WitchMagic session started ---
[2026-09-15 18:31:40.885] [WitchMagic] [INFO] Hello World! WitchMagic is running.
[2026-09-15 18:31:40.887] [WitchMagic] [INFO] Production build | x64 | Console and file logging enabled.
[2026-09-15 18:31:40.889] [WitchMagic] [INFO] This confirms DLL startup; title-screen detection is not implemented yet.
[2026-09-15 18:31:40.890] [WitchMagic] [INFO] Minimize this console to keep it out of the way. Closing it can close the game.
[2026-09-15 18:31:40.892] [WitchMagic] [INFO] Weapon monitor ready (read-only, 100 ms polling). Waiting for character equipment.
[2026-09-15 18:31:52.539] [WitchMagic] [INFO] Initial weapon state | Left slot 1: weapon ID -1 | Right slot 1: weapon ID -1 | one-handed
[2026-09-15 18:31:59.461] [WitchMagic] [INFO] Weapon/stance changed | Left slot 1: weapon ID 31330000 | Right slot 1: weapon ID 2000000 | one-handed
[2026-09-15 18:32:11.801] [WitchMagic] [INFO] Weapon data unavailable; waiting for the local player.
[2026-09-15 18:33:31.915] [WitchMagic] [INFO] --- WitchMagic session started ---
[2026-09-15 18:33:31.921] [WitchMagic] [INFO] Hello World! WitchMagic is running.
[2026-09-15 18:33:31.922] [WitchMagic] [INFO] Production build | x64 | Console and file logging enabled.
[2026-09-15 18:33:31.923] [WitchMagic] [INFO] This confirms DLL startup; title-screen detection is not implemented yet.
[2026-09-15 18:33:31.924] [WitchMagic] [INFO] Minimize this console to keep it out of the way. Closing it can close the game.
[2026-09-15 18:33:31.925] [WitchMagic] [INFO] Weapon monitor ready (read-only, 100 ms polling). Waiting for character equipment.
[2026-09-15 18:33:43.270] [WitchMagic] [INFO] Initial weapon state | Left slot 1: weapon ID -1 | Right slot 1: weapon ID -1 | one-handed
[2026-09-15 18:33:50.493] [WitchMagic] [INFO] Weapon/stance changed | Left slot 1: weapon ID 31330000 | Right slot 1: weapon ID 2000000 | one-handed
[2026-09-15 18:34:02.828] [WitchMagic] [INFO] Weapon/stance changed | Left slot 2: weapon ID 110000 | Right slot 1: weapon ID 9010204 | two-handed RIGHT
[2026-09-15 18:34:02.833] [WitchMagic] [INFO] Two-handed weapon ID: 9010204 (deflect effect is not enabled)
[2026-09-15 18:41:46.554] [WitchMagic] [INFO] Weapon data unavailable; waiting for the local player.
[2026-09-15 18:45:40.567] [WitchMagic] [INFO] --- WitchMagic session started ---
[2026-09-15 18:45:40.569] [WitchMagic] [INFO] Hello World! WitchMagic is running.
[2026-09-15 18:45:40.571] [WitchMagic] [INFO] Production build | x64 | Console and file logging enabled.
[2026-09-15 18:45:40.572] [WitchMagic] [INFO] This confirms DLL startup; title-screen detection is not implemented yet.
[2026-09-15 18:45:40.573] [WitchMagic] [INFO] Minimize this console to keep it out of the way. Closing it can close the game.
[2026-09-15 18:45:40.574] [WitchMagic] [INFO] Weapon monitor ready (read-only, 100 ms polling). Waiting for character equipment.
[2026-09-15 18:45:52.231] [WitchMagic] [INFO] Initial weapon state | Left slot 1: weapon ID -1 | Right slot 1: weapon ID -1 | one-handed
[2026-09-15 18:45:58.755] [WitchMagic] [INFO] Weapon/stance changed | Left slot 1: weapon ID 31330000 | Right slot 1: weapon ID 2000000 | one-handed
[2026-09-15 18:46:07.686] [WitchMagic] [INFO] Weapon/stance changed | Left slot 2: weapon ID 110000 | Right slot 1: weapon ID 9010204 | two-handed RIGHT
[2026-09-15 18:46:07.691] [WitchMagic] [INFO] Two-handed weapon ID: 9010204 (deflect effect is not enabled)
[2026-09-15 18:47:58.460] [WitchMagic] [INFO] Weapon data unavailable; waiting for the local player.
[2026-09-15 18:56:40.518] [WitchMagic] [INFO] --- WitchMagic session started ---
[2026-09-15 18:56:40.524] [WitchMagic] [INFO] Hello World! WitchMagic is running.
[2026-09-15 18:56:40.525] [WitchMagic] [INFO] Production build | x64 | Console and file logging enabled.
[2026-09-15 18:56:40.527] [WitchMagic] [INFO] This confirms DLL startup; title-screen detection is not implemented yet.
[2026-09-15 18:56:40.531] [WitchMagic] [INFO] Minimize this console to keep it out of the way. Closing it can close the game.
[2026-09-15 18:56:40.533] [WitchMagic] [INFO] Weapon monitor ready (read-only, 100 ms polling). Waiting for character equipment.
[2026-09-15 18:56:52.072] [WitchMagic] [INFO] Initial weapon state | Left slot 1: weapon ID -1 | Right slot 1: weapon ID -1 | one-handed
[2026-09-15 18:56:58.699] [WitchMagic] [INFO] Weapon/stance changed | Left slot 1: weapon ID 31330000 | Right slot 1: weapon ID 2000000 | one-handed
[2026-09-15 18:57:18.562] [WitchMagic] [INFO] Weapon/stance changed | Left slot 1: weapon ID 110000 | Right slot 1: weapon ID 11010000 | one-handed
[2026-09-15 18:59:36.093] [WitchMagic] [INFO] Weapon/stance changed | Left slot 1: weapon ID 31330000 | Right slot 1: weapon ID 2000000 | one-handed
[2026-09-15 18:59:44.424] [WitchMagic] [INFO] Weapon/stance changed | Left slot 1: weapon ID 110000 | Right slot 1: weapon ID 11010000 | one-handed
[2026-09-15 18:59:58.970] [WitchMagic] [INFO] Weapon/stance changed | Left slot 1: weapon ID 31330000 | Right slot 1: weapon ID 2000000 | one-handed
[2026-09-15 19:00:12.104] [WitchMagic] [INFO] Weapon/stance changed | Left slot 2: weapon ID 9040000 | Right slot 1: weapon ID 3140010 | one-handed
[2026-09-15 19:01:20.216] [WitchMagic] [INFO] Weapon data unavailable; waiting for the local player.
[2026-09-15 19:07:09.744] [WitchMagic] [INFO] --- WitchMagic session started ---
[2026-09-15 19:07:09.750] [WitchMagic] [INFO] Hello World! WitchMagic is running.
[2026-09-15 19:07:09.751] [WitchMagic] [INFO] Production build | x64 | Console and file logging enabled.
[2026-09-15 19:07:09.752] [WitchMagic] [INFO] This confirms DLL startup; title-screen detection is not implemented yet.
[2026-09-15 19:07:09.754] [WitchMagic] [INFO] Minimize this console to keep it out of the way. Closing it can close the game.
[2026-09-15 19:07:09.755] [WitchMagic] [INFO] Weapon monitor ready (read-only, 100 ms polling). Waiting for character equipment.
[2026-09-15 19:07:21.403] [WitchMagic] [INFO] Initial weapon state | Left slot 1: weapon ID -1 | Right slot 1: weapon ID -1 | one-handed
[2026-09-15 19:07:29.031] [WitchMagic] [INFO] Weapon/stance changed | Left slot 1: weapon ID 31330000 | Right slot 1: weapon ID 2000000 | one-handed
[2026-09-15 19:09:18.444] [WitchMagic] [INFO] Weapon/stance changed | Left slot 2: weapon ID 9040000 | Right slot 1: weapon ID 3140010 | one-handed
[2026-09-15 19:10:38.278] [WitchMagic] [INFO] Weapon/stance changed | Left slot 2: weapon ID 9040000 | Right slot 1: weapon ID 3140010 | two-handed LEFT
[2026-09-15 19:10:38.284] [WitchMagic] [INFO] Two-handed weapon ID: 9040000 (deflect effect is not enabled)
[2026-09-15 19:12:16.686] [WitchMagic] [INFO] Weapon/stance changed | Left slot 2: weapon ID 9040000 | Right slot 1: weapon ID 3140010 | one-handed
[2026-09-15 19:12:18.497] [WitchMagic] [INFO] Weapon/stance changed | Left slot 2: weapon ID 9040000 | Right slot 1: weapon ID 3140010 | two-handed RIGHT
[2026-09-15 19:12:18.502] [WitchMagic] [INFO] Two-handed weapon ID: 3140010 (deflect effect is not enabled)
[2026-09-15 19:14:10.249] [WitchMagic] [INFO] Weapon/stance changed | Left slot 2: weapon ID 9040000 | Right slot 1: weapon ID 3140010 | one-handed
[2026-09-15 19:15:05.615] [WitchMagic] [INFO] Weapon/stance changed | Left slot 1: weapon ID 31500000 | Right slot 1: weapon ID 3140010 | one-handed
[2026-09-15 19:34:12.423] [WitchMagic] [INFO] --- WitchMagic session started ---
[2026-09-15 19:34:12.428] [WitchMagic] [INFO] Hello World! WitchMagic is running.
[2026-09-15 19:34:12.429] [WitchMagic] [INFO] Production build | x64 | Console and file logging enabled.
[2026-09-15 19:34:12.430] [WitchMagic] [INFO] This confirms DLL startup; title-screen detection is not implemented yet.
[2026-09-15 19:34:12.431] [WitchMagic] [INFO] Minimize this console to keep it out of the way. Closing it can close the game.
[2026-09-15 19:34:12.432] [WitchMagic] [INFO] Weapon monitor ready (read-only, 100 ms polling). Waiting for character equipment.
[2026-09-15 19:34:23.173] [WitchMagic] [INFO] Initial weapon state | Left slot 1: weapon ID -1 | Right slot 1: weapon ID -1 | one-handed
[2026-09-15 19:34:29.296] [WitchMagic] [INFO] Weapon/stance changed | Left slot 1: weapon ID 31330000 | Right slot 1: weapon ID 2000000 | one-handed
[2026-09-15 19:34:40.132] [WitchMagic] [INFO] Weapon/stance changed | Left slot 1: weapon ID 31500000 | Right slot 1: weapon ID 3140010 | one-handed
[2026-09-15 19:35:51.244] [WitchMagic] [INFO] Weapon data unavailable; waiting for the local player.
[2026-09-15 20:32:19.693] [WitchMagic] [INFO] --- WitchMagic session started ---
[2026-09-15 20:32:19.698] [WitchMagic] [INFO] Hello World! WitchMagic is running.
[2026-09-15 20:32:19.700] [WitchMagic] [INFO] Production build | x64 | Console and file logging enabled.
[2026-09-15 20:32:19.702] [WitchMagic] [INFO] This confirms DLL startup; title-screen detection is not implemented yet.
[2026-09-15 20:32:19.703] [WitchMagic] [INFO] Minimize this console to keep it out of the way. Closing it can close the game.
[2026-09-15 20:32:19.704] [WitchMagic] [INFO] Weapon monitor ready (read-only, 100 ms polling). Waiting for character equipment.
[2026-09-15 20:32:31.361] [WitchMagic] [INFO] Initial weapon state | Left slot 1: weapon ID -1 | Right slot 1: weapon ID -1 | one-handed
[2026-09-15 20:32:38.182] [WitchMagic] [INFO] Weapon/stance changed | Left slot 1: weapon ID 31330000 | Right slot 1: weapon ID 2000000 | one-handed
[2026-09-15 20:32:50.522] [WitchMagic] [INFO] Weapon data unavailable; waiting for the local player.
[2026-09-15 20:33:05.002] [WitchMagic] [INFO] --- WitchMagic session started ---
[2026-09-15 20:33:05.007] [WitchMagic] [INFO] Hello World! WitchMagic is running.
[2026-09-15 20:33:05.009] [WitchMagic] [INFO] Production build | x64 | Console and file logging enabled.
[2026-09-15 20:33:05.010] [WitchMagic] [INFO] This confirms DLL startup; title-screen detection is not implemented yet.
[2026-09-15 20:33:05.013] [WitchMagic] [INFO] Minimize this console to keep it out of the way. Closing it can close the game.
[2026-09-15 20:33:05.016] [WitchMagic] [INFO] Weapon monitor ready (read-only, 100 ms polling). Waiting for character equipment.
[2026-09-15 20:33:15.655] [WitchMagic] [INFO] Initial weapon state | Left slot 1: weapon ID -1 | Right slot 1: weapon ID -1 | one-handed
[2026-09-15 20:33:22.378] [WitchMagic] [INFO] Weapon/stance changed | Left slot 1: weapon ID 31330000 | Right slot 1: weapon ID 2000000 | one-handed
[2026-09-15 20:33:45.344] [WitchMagic] [INFO] Weapon data unavailable; waiting for the local player.
