[2026-09-16 08:29:08.301] [modengine] [info] Attempting to load global config at X:\Modding\Elden Ring\SpookyRing\Resources\modengine2\config.toml
[2026-09-16 08:29:08.301] [modengine] [info] Attempting to load mod settings config at X:\Modding\Elden Ring\SpookyRing\Resources\config_eldenring.toml
[2026-09-16 08:29:08.310] [modengine] [info] Local config loaded
[2026-09-16 08:29:08.310] [modengine] [info] ModEngine version 2.1.0-0924ab36f1311bf84e7e626740b4bf2c0d54909a initializing for Elden Ring
[2026-09-16 08:29:08.310] [modengine] [info] Local settings loaded: true, Global settings loaded: false
[2026-09-16 08:29:08.310] [modengine] [info] Main thread ID: 25812
[2026-09-16 08:29:08.444] [modengine] [info] Loaded external DLL X:\Modding\Elden Ring\SpookyRing\Resources\mod\SeamlessCoop\ersc.dll
[2026-09-16 08:29:12.491] [modengine] [error] Failed to load DLL X:\Modding\Elden Ring\SpookyRing\Resources\mod\DamageCompetition\damage_competition.dll
[2026-09-16 08:29:12.491] [modengine] [info] Enabling extension base
[2026-09-16 08:29:12.491] [modengine] [info] Enabled extension base
[2026-09-16 08:29:12.491] [modengine] [info] Enabling extension mod_loader
[2026-09-16 08:29:12.491] [modengine] [info] Installing mod location mod\SeamlessCoop
[2026-09-16 08:29:12.491] [modengine] [info] Resolved mod path to X:\Modding\Elden Ring\SpookyRing\Resources\mod\SeamlessCoop
[2026-09-16 08:29:12.491] [modengine] [info] Installing mod location mod\DamageCompetition
[2026-09-16 08:29:12.491] [modengine] [info] Resolved mod path to X:\Modding\Elden Ring\SpookyRing\Resources\mod\DamageCompetition
[2026-09-16 08:29:12.491] [modengine] [info] Installing mod location mod\ER_GuardParry
[2026-09-16 08:29:12.491] [modengine] [info] Resolved mod path to X:\Modding\Elden Ring\SpookyRing\Resources\mod\ER_GuardParry
[2026-09-16 08:29:12.491] [modengine] [info] Installing mod location mod
[2026-09-16 08:29:12.491] [modengine] [info] Resolved mod path to X:\Modding\Elden Ring\SpookyRing\Resources\mod
[2026-09-16 08:29:12.491] [modengine] [info] Enabled extension mod_loader
[2026-09-16 08:29:49.062] [modengine] [info] Attempting to load global config at X:\Modding\Elden Ring\SpookyRing\Resources\modengine2\config.toml
[2026-09-16 08:29:49.062] [modengine] [info] Attempting to load mod settings config at X:\Modding\Elden Ring\SpookyRing\Resources\config_eldenring.toml
[2026-09-16 08:29:49.062] [modengine] [info] Local config loaded
[2026-09-16 08:29:49.062] [modengine] [info] ModEngine version 2.1.0-0924ab36f1311bf84e7e626740b4bf2c0d54909a initializing for Elden Ring
[2026-09-16 08:29:49.062] [modengine] [info] Local settings loaded: true, Global settings loaded: false
[2026-09-16 08:29:49.062] [modengine] [info] Main thread ID: 29308
[2026-09-16 08:29:49.134] [modengine] [info] Loaded external DLL X:\Modding\Elden Ring\SpookyRing\Resources\mod\SeamlessCoop\ersc.dll
[2026-09-16 08:29:51.886] [modengine] [error] Failed to load DLL X:\Modding\Elden Ring\SpookyRing\Resources\mod\DamageCompetition\damage_competition.dll
[2026-09-16 08:29:51.886] [modengine] [info] Enabling extension base
[2026-09-16 08:29:51.886] [modengine] [info] Enabled extension base
[2026-09-16 08:29:51.886] [modengine] [info] Enabling extension mod_loader
[2026-09-16 08:29:51.886] [modengine] [info] Installing mod location mod\SeamlessCoop
[2026-09-16 08:29:51.886] [modengine] [info] Resolved mod path to X:\Modding\Elden Ring\SpookyRing\Resources\mod\SeamlessCoop
[2026-09-16 08:29:51.886] [modengine] [info] Installing mod location mod\DamageCompetition
[2026-09-16 08:29:51.886] [modengine] [info] Resolved mod path to X:\Modding\Elden Ring\SpookyRing\Resources\mod\DamageCompetition
[2026-09-16 08:29:51.886] [modengine] [info] Installing mod location mod\ER_GuardParry
[2026-09-16 08:29:51.887] [modengine] [info] Resolved mod path to X:\Modding\Elden Ring\SpookyRing\Resources\mod\ER_GuardParry
[2026-09-16 08:29:51.887] [modengine] [info] Installing mod location mod
[2026-09-16 08:29:51.887] [modengine] [info] Resolved mod path to X:\Modding\Elden Ring\SpookyRing\Resources\mod
[2026-09-16 08:29:51.956] [modengine] [info] Enabled extension mod_loader
[2026-09-16 08:31:24.380] [modengine] [info] Attempting to load global config at X:\Modding\Elden Ring\SpookyRing\Resources\modengine2\config.toml
[2026-09-16 08:31:24.380] [modengine] [info] Attempting to load mod settings config at X:\Modding\Elden Ring\SpookyRing\Resources\config_eldenring.toml
[2026-09-16 08:31:24.380] [modengine] [info] Local config loaded
[2026-09-16 08:31:24.380] [modengine] [info] ModEngine version 2.1.0-0924ab36f1311bf84e7e626740b4bf2c0d54909a initializing for Elden Ring
[2026-09-16 08:31:24.380] [modengine] [info] Local settings loaded: true, Global settings loaded: false
[2026-09-16 08:31:24.380] [modengine] [info] Main thread ID: 12852
[2026-09-16 08:31:24.453] [modengine] [info] Loaded external DLL X:\Modding\Elden Ring\SpookyRing\Resources\mod\SeamlessCoop\ersc.dll
[2026-09-16 08:31:27.375] [modengine] [info] Loaded external DLL X:\Modding\Elden Ring\SpookyRing\Resources\mod\DamageCompetition\damage_competition.dll
[2026-09-16 08:31:27.375] [modengine] [warning] External dll X:\Modding\Elden Ring\SpookyRing\Resources\mod\DamageCompetition\damage_competition.dll at base address 0x7fff38d50000 is not a modengine extension
[2026-09-16 08:31:27.375] [modengine] [info] Enabling extension base
[2026-09-16 08:31:27.375] [modengine] [info] Enabled extension base
[2026-09-16 08:31:27.375] [modengine] [info] Enabling extension mod_loader
[2026-09-16 08:31:27.375] [modengine] [info] Installing mod location mod\SeamlessCoop
[2026-09-16 08:31:27.375] [modengine] [info] Resolved mod path to X:\Modding\Elden Ring\SpookyRing\Resources\mod\SeamlessCoop
[2026-09-16 08:31:27.375] [modengine] [info] Installing mod location mod\DamageCompetition
[2026-09-16 08:31:27.375] [modengine] [info] Resolved mod path to X:\Modding\Elden Ring\SpookyRing\Resources\mod\DamageCompetition
[2026-09-16 08:31:27.375] [modengine] [info] Installing mod location mod\ER_GuardParry
[2026-09-16 08:31:27.375] [modengine] [info] Resolved mod path to X:\Modding\Elden Ring\SpookyRing\Resources\mod\ER_GuardParry
[2026-09-16 08:31:27.375] [modengine] [info] Installing mod location mod
[2026-09-16 08:31:27.375] [modengine] [info] Resolved mod path to X:\Modding\Elden Ring\SpookyRing\Resources\mod
[2026-09-16 08:31:27.375] [modengine] [info] Enabled extension mod_loader
[2026-09-16 08:31:27.442] [modengine] [info] Applied 3 hooks
[2026-09-16 08:31:27.447] [modengine] [info] Starting worker thread
